扩展 "Formula (typst)" 加载失败，原因为 无法满足其中一个依赖项。依附:
	类型: executable
	位置: 路径
	字符串: typst

扩展 "Export to PDF via Scribus" 加载失败，原因为 无法满足其中一个依赖项。依附:
	类型: executable
	位置: 路径
	字符串: scribus

扩展 "Optimized PNG" 加载失败，原因为 无法满足其中一个依赖项。依附:
	类型: executable
	位置: 路径
	字符串: optipng

扩展 "Formula (pdflatex)" 加载失败，原因为 无法满足其中一个依赖项。依附:
	类型: executable
	位置: 路径
	字符串: pdflatex

扩展 "GIMP XCF" 加载失败，原因为 无法满足其中一个依赖项。依附:
	类型: executable
	位置: 路径
	字符串: gimp

扩展 "XFIG Input" 加载失败，原因为 无法满足其中一个依赖项。依附:
	类型: executable
	位置: 路径
	字符串: fig2dev

